// Jest Snapshot v1, https://goo.gl/fbAQLP

exports[`FilmContainer rendering initial state should render zero state correctly 1`] = `
<div>
  <span
    className="Loader"
  >
    <div
      className="Loader_indicator"
    >
      <h1>
        <span>
          Destroying the Patriarchy
        </span>
        <span
          className="Loader_ellipsis"
        >
          <span
            className="Loader_ellipsisDot"
          >
            .
          </span>
          <span
            className="Loader_ellipsisDot"
          >
            .
          </span>
          <span
            className="Loader_ellipsisDot"
          >
            .
          </span>
        </span>
      </h1>
    </div>
  </span>
</div>
`;
