// Jest Snapshot v1, https://goo.gl/fbAQLP

exports[`Films rendering initial state match the snapshot 1`] = `
<div
  className="films"
>
  <div
    className="section hero"
  >
    <div
      className="container"
    >
      <div
        className="row"
      >
        <div
          className="u-max-full-width "
        >
          <h4
            className="hero-heading"
          >
            bechdel.io
          </h4>
          <h5>
            find out if your favorite film passes the test.
          </h5>
          <a
            aria-current={false}
            className={undefined}
            href="/film/new"
            onClick={[Function]}
            style={undefined}
          >
            <button
              className="button"
            >
              upload script
            </button>
          </a>
        </div>
      </div>
    </div>
  </div>
  <div
    className="row"
  >
    <div
      className="FilmList"
    />
  </div>
</div>
`;
