// Jest Snapshot v1, https://goo.gl/fbAQLP

exports[`No Match Page rendering match the snapshot 1`] = `
<div
  class="no-match-page"
>
  <div
    class="no-match-container"
  >
    <div
      class="no-match-content"
    >
      <div
        class="error-code"
      >
        404
      </div>
      <h1
        class="error-title"
      >
        Page Not Found
      </h1>
      <p
        class="error-description"
      >
        Oops! The page you're looking for seems to have wandered off the set.
      </p>
      <div
        class="error-actions"
      >
        <a
          class="btn-primary"
          href="/"
        >
          Go Home
        </a>
        <a
          class="btn-secondary"
          href="/films"
        >
          Browse Films
        </a>
      </div>
    </div>
    <div
      class="popular-films-section"
    >
      <h2
        class="section-title"
      >
        <span
          class="section-icon"
        >
          🎬
        </span>
        Or Explore Popular Films
      </h2>
      <div
        class="loading-container"
      >
        <div
          class="Loader Loader--hidden"
        >
          <div
            class="Loader_particles"
          >
            <div
              class="Loader_particle Loader_particle--0"
            />
            <div
              class="Loader_particle Loader_particle--1"
            />
            <div
              class="Loader_particle Loader_particle--2"
            />
            <div
              class="Loader_particle Loader_particle--3"
            />
            <div
              class="Loader_particle Loader_particle--0"
            />
            <div
              class="Loader_particle Loader_particle--1"
            />
            <div
              class="Loader_particle Loader_particle--2"
            />
            <div
              class="Loader_particle Loader_particle--3"
            />
            <div
              class="Loader_particle Loader_particle--0"
            />
            <div
              class="Loader_particle Loader_particle--1"
            />
            <div
              class="Loader_particle Loader_particle--2"
            />
            <div
              class="Loader_particle Loader_particle--3"
            />
            <div
              class="Loader_particle Loader_particle--0"
            />
            <div
              class="Loader_particle Loader_particle--1"
            />
            <div
              class="Loader_particle Loader_particle--2"
            />
            <div
              class="Loader_particle Loader_particle--3"
            />
            <div
              class="Loader_particle Loader_particle--0"
            />
            <div
              class="Loader_particle Loader_particle--1"
            />
            <div
              class="Loader_particle Loader_particle--2"
            />
            <div
              class="Loader_particle Loader_particle--3"
            />
          </div>
          <div
            class="Loader_indicator"
          >
            <div
              class="Loader_textContainer"
            >
              <h1
                class="Loader_title"
              >
                <span
                  class="Loader_typingText"
                >
                  <span
                    class="Loader_cursor"
                  >
                    |
                  </span>
                </span>
              </h1>
              <div
                class="Loader_ellipsis"
              >
                <span
                  class="Loader_ellipsisDot Loader_ellipsisDot--1"
                >
                  .
                </span>
                <span
                  class="Loader_ellipsisDot Loader_ellipsisDot--2"
                >
                  .
                </span>
                <span
                  class="Loader_ellipsisDot Loader_ellipsisDot--3"
                >
                  .
                </span>
              </div>
            </div>
            <div
              class="Loader_progress"
            >
              <div
                class="Loader_progressBar"
              />
            </div>
            <div
              class="Loader_icons"
            >
              <div
                class="Loader_icon Loader_icon--hammer"
              >
                🔨
              </div>
              <div
                class="Loader_icon Loader_icon--fist"
              >
                ✊
              </div>
              <div
                class="Loader_icon Loader_icon--star"
              >
                ⭐
              </div>
            </div>
          </div>
        </div>
      </div>
    </div>
  </div>
</div>
`;
