// Jest Snapshot v1, https://goo.gl/fbAQLP

exports[`FilmItem rendering initial state is rendered 1`] = `
<div
  className="filmItem"
>
  <li
    className="filmItem_ListItem"
  >
    <div>
      <a
        href="/film/undefined"
        onClick={[Function]}
      >
        <img
          alt="Movie Title"
          src="Movie Poster URL"
        />
        <p
          className="filmItem_title"
        >
          Movie Title
        </p>
      </a>
    </div>
  </li>
</div>
`;
