// Jest Snapshot v1, https://goo.gl/fbAQLP

exports[`FilmItem rendering initial state is rendered 1`] = `
<div
  className="filmItem"
>
  <li>
    <div>
      <a
        href="/film/undefined"
        onClick={[Function]}
      >
        <img
          alt="Movie Title"
          src="Movie Poster URL"
        />
        <div
          className="description"
        >
          <h2
            className="filmItem_title"
          >
            Movie Title
          </h2>
          <p>
            2015
          </p>
        </div>
      </a>
    </div>
  </li>
</div>
`;
