// Jest Snapshot v1, https://goo.gl/fbAQLP

exports[`FilmItem rendering initial state is rendered 1`] = `
<div
  className="filmItem"
>
  <li>
    <div>
      <a
        href="/film/undefined"
        onClick={[Function]}
      >
        <img
          alt="Movie Title"
          className="film-poster"
          src="Movie Poster URL"
        />
      </a>
    </div>
  </li>
</div>
`;
