// Jest Snapshot v1, https://goo.gl/fbAQLP

exports[`BechdelResults rendering initial state is rendered 1`] = `
<div
  className="BechdelResults"
>
  <span
    className="catName"
  >
    Bechdel Score:
  </span>
   
  0
   of 3
  <br />
  <span
    className="catName"
  >
    Number of Scenes that pass:
  </span>
   
  0
  <br />
  <span
    className="catName"
  >
    Number of Scenes that dont pass:
  </span>
   
  0
  <br />
  <span
    className="catName"
  >
    Number Of Females Characters:
  </span>
   
  0
  <br />
  <span
    className="catName"
  >
    Number Of Male Characters:
  </span>
   
  0
  <br />
  <span
    className="catName"
  >
    Number of Females Characters With Dialogue:
  </span>
   
  0
  <br />
  <span
    className="catName"
  >
    Number of Male Characters With Dialogue:
  </span>
   
  0
  <br />
  <span
    className="catName"
  >
    Total Lines of Female Dialogue:
  </span>
   
  0
  <br />
  <span
    className="catName"
  >
    Total Lines of Male Dialogue:
  </span>
   
  0
  <br />
</div>
`;
