// Jest Snapshot v1, https://goo.gl/fbAQLP

exports[`Hero rendering initial state match the snapshot 1`] = `
<div
  className="film-image"
>
  <img
    alt="Boyhood"
    className="film-image"
    src={undefined}
  />
  <span
    className="film-hero-title"
  >
    <h4>
      Boyhood
    </h4>
    <h3>
      Bechdel Pass: 
      TRUE
    </h3>
    <p>
      Bechdel Score: 
      3
       of 3
    </p>
  </span>
</div>
`;
