// Jest Snapshot v1, https://goo.gl/fbAQLP

exports[`Hero rendering initial state match the snapshot 1`] = `
<div
  class="film-hero"
>
  <img
    alt="Boyhood"
    class="film-image"
    src="/default-poster.webp"
  />
  <span
    class="film-hero-title"
  >
    <h4>
      Boyhood
    </h4>
    <h3>
      <span
        class="bechdel-status pass-icon"
      >
        <span
          class="status-icon"
        >
          ✓
        </span>
        Bechdel Pass: 
        TRUE
      </span>
    </h3>
    <div
      class="hero-quick-stats"
    >
      <div
        class="stat-badge stat-badge--score"
      >
        <span
          class="stat-label"
        >
          Bechdel Score
        </span>
        <span
          class="stat-value"
        >
          3
          /3
        </span>
      </div>
      <div
        class="stat-badge stat-badge--dialogue"
      >
        <span
          class="stat-label"
        >
          Female Dialogue
        </span>
        <span
          class="stat-value"
        >
          0
          %
        </span>
      </div>
    </div>
  </span>
</div>
`;
