// Jest Snapshot v1, https://goo.gl/fbAQLP

exports[`Hero Page rendering match the snapshot 1`] = `
<div
  class="section hero"
>
  <div
    class="container"
  >
    <div
      class="row"
    >
      <div
        class="u-max-full-width "
      >
        <h4
          class="hero-heading"
        >
          bechdel.io
        </h4>
        <h5>
          find out if your favorite film passes the test.
        </h5>
        <a
          class=""
          href="/film/new"
        >
          <button
            class="button"
          >
            upload script
          </button>
        </a>
      </div>
    </div>
  </div>
</div>
`;
