// Jest Snapshot v1, https://goo.gl/fbAQLP

exports[`Hero Page rendering match the snapshot 1`] = `
<div
  class="section hero"
>
  <div
    class="container"
  >
    <div
      class="row"
    >
      <div
        class="u-max-full-width "
      >
        <h1
          class="hero-heading"
        >
          bechdel.io
        </h1>
        <h2
          class="hero-tagline"
        >
          discover which movies pass the bechdel test and explore feminist film data.
        </h2>
      </div>
    </div>
  </div>
</div>
`;
