// Jest Snapshot v1, https://goo.gl/fbAQLP

exports[`Hero Page rendering match the snapshot 1`] = `
<div
  class="section hero"
>
  <div
    class="container"
  >
    <div
      class="row"
    >
      <div
        class="u-max-full-width "
      >
        <h4
          class="hero-heading"
        >
          bechdel.io
        </h4>
        <h5
          class="hero-tagline"
        >
          Discover which movies pass the Bechdel Test and explore feminist film data.
        </h5>
      </div>
    </div>
  </div>
</div>
`;
