// Jest Snapshot v1, https://goo.gl/fbAQLP

exports[`Footer Page rendering match the snapshot 1`] = `
<footer
  class="footer"
>
  <div
    class="footer_content"
  >
    <a
      href="https://github.com/JoeKarlsson/bechdel-test"
      rel="noopener noreferrer"
      target="_blank"
    >
      <p>
        2025
         - a karlsson production.
      </p>
    </a>
    <a
      class=""
      href="/privacy"
    >
      privacy policy
    </a>
  </div>
</footer>
`;
