// Jest Snapshot v1, https://goo.gl/fbAQLP

exports[`Footer rendering initial state is rendered 1`] = `
<footer
  className="footer"
>
  <div
    className="footer_content"
  >
    <a
      href="https://github.com/JoeKarlsson/bechdel-test"
      rel="noopener noreferrer"
      target="_blank"
    >
      <p>
        2018
         - a karlsson production.
      </p>
    </a>
  </div>
</footer>
`;
